// Jest Snapshot v1, https://goo.gl/fbAQLP

exports[`happy 1`] = `
Object {
  "allow_merge_commit": true,
  "allow_rebase_merge": true,
  "allow_squash_merge": true,
  "archive_url": "https://api.github.com/repos/selfrefactor/rambda/{archive_format}{/ref}",
  "archived": false,
  "assignees_url": "https://api.github.com/repos/selfrefactor/rambda/assignees{/user}",
  "blobs_url": "https://api.github.com/repos/selfrefactor/rambda/git/blobs{/sha}",
  "branches_url": "https://api.github.com/repos/selfrefactor/rambda/branches{/branch}",
  "clone_url": "https://github.com/selfrefactor/rambda.git",
  "collaborators_url": "https://api.github.com/repos/selfrefactor/rambda/collaborators{/collaborator}",
  "comments_url": "https://api.github.com/repos/selfrefactor/rambda/comments{/number}",
  "commits_url": "https://api.github.com/repos/selfrefactor/rambda/commits{/sha}",
  "compare_url": "https://api.github.com/repos/selfrefactor/rambda/compare/{base}...{head}",
  "contents_url": "https://api.github.com/repos/selfrefactor/rambda/contents/{+path}",
  "contributors_url": "https://api.github.com/repos/selfrefactor/rambda/contributors",
  "created_at": "2017-01-15T13:50:45Z",
  "default_branch": "master",
  "delete_branch_on_merge": false,
  "deployments_url": "https://api.github.com/repos/selfrefactor/rambda/deployments",
  "description": "Faster and smaller alternative to Ramda",
  "disabled": false,
  "downloads_url": "https://api.github.com/repos/selfrefactor/rambda/downloads",
  "events_url": "https://api.github.com/repos/selfrefactor/rambda/events",
  "fork": false,
  "forks": 60,
  "forks_count": 60,
  "forks_url": "https://api.github.com/repos/selfrefactor/rambda/forks",
  "full_name": "selfrefactor/rambda",
  "git_commits_url": "https://api.github.com/repos/selfrefactor/rambda/git/commits{/sha}",
  "git_refs_url": "https://api.github.com/repos/selfrefactor/rambda/git/refs{/sha}",
  "git_tags_url": "https://api.github.com/repos/selfrefactor/rambda/git/tags{/sha}",
  "git_url": "git://github.com/selfrefactor/rambda.git",
  "has_downloads": true,
  "has_issues": true,
  "has_pages": true,
  "has_projects": false,
  "has_wiki": true,
  "homepage": "https://selfrefactor.github.io/rambda",
  "hooks_url": "https://api.github.com/repos/selfrefactor/rambda/hooks",
  "html_url": "https://github.com/selfrefactor/rambda",
  "id": 79035508,
  "issue_comment_url": "https://api.github.com/repos/selfrefactor/rambda/issues/comments{/number}",
  "issue_events_url": "https://api.github.com/repos/selfrefactor/rambda/issues/events{/number}",
  "issues_url": "https://api.github.com/repos/selfrefactor/rambda/issues{/number}",
  "keys_url": "https://api.github.com/repos/selfrefactor/rambda/keys{/key_id}",
  "labels_url": "https://api.github.com/repos/selfrefactor/rambda/labels{/name}",
  "language": "JavaScript",
  "languages_url": "https://api.github.com/repos/selfrefactor/rambda/languages",
  "license": Object {
    "key": "mit",
    "name": "MIT License",
    "node_id": "MDc6TGljZW5zZTEz",
    "spdx_id": "MIT",
    "url": "https://api.github.com/licenses/mit",
  },
  "merges_url": "https://api.github.com/repos/selfrefactor/rambda/merges",
  "milestones_url": "https://api.github.com/repos/selfrefactor/rambda/milestones{/number}",
  "mirror_url": null,
  "name": "rambda",
  "network_count": 60,
  "node_id": "MDEwOlJlcG9zaXRvcnk3OTAzNTUwOA==",
  "notifications_url": "https://api.github.com/repos/selfrefactor/rambda/notifications{?since,all,participating}",
  "open_issues": 6,
  "open_issues_count": 6,
  "owner": Object {
    "avatar_url": "https://avatars2.githubusercontent.com/u/2149294?v=4",
    "events_url": "https://api.github.com/users/selfrefactor/events{/privacy}",
    "followers_url": "https://api.github.com/users/selfrefactor/followers",
    "following_url": "https://api.github.com/users/selfrefactor/following{/other_user}",
    "gists_url": "https://api.github.com/users/selfrefactor/gists{/gist_id}",
    "gravatar_id": "",
    "html_url": "https://github.com/selfrefactor",
    "id": 2149294,
    "login": "selfrefactor",
    "node_id": "MDQ6VXNlcjIxNDkyOTQ=",
    "organizations_url": "https://api.github.com/users/selfrefactor/orgs",
    "received_events_url": "https://api.github.com/users/selfrefactor/received_events",
    "repos_url": "https://api.github.com/users/selfrefactor/repos",
    "site_admin": false,
    "starred_url": "https://api.github.com/users/selfrefactor/starred{/owner}{/repo}",
    "subscriptions_url": "https://api.github.com/users/selfrefactor/subscriptions",
    "type": "User",
    "url": "https://api.github.com/users/selfrefactor",
  },
  "permissions": Object {
    "admin": true,
    "pull": true,
    "push": true,
  },
  "private": false,
  "pulls_url": "https://api.github.com/repos/selfrefactor/rambda/pulls{/number}",
  "pushed_at": "2020-12-21T20:57:58Z",
  "releases_url": "https://api.github.com/repos/selfrefactor/rambda/releases{/id}",
  "size": 13227,
  "ssh_url": "git@github.com:selfrefactor/rambda.git",
  "stargazers_count": 1014,
  "stargazers_url": "https://api.github.com/repos/selfrefactor/rambda/stargazers",
  "statuses_url": "https://api.github.com/repos/selfrefactor/rambda/statuses/{sha}",
  "subscribers_count": 15,
  "subscribers_url": "https://api.github.com/repos/selfrefactor/rambda/subscribers",
  "subscription_url": "https://api.github.com/repos/selfrefactor/rambda/subscription",
  "svn_url": "https://github.com/selfrefactor/rambda",
  "tags_url": "https://api.github.com/repos/selfrefactor/rambda/tags",
  "teams_url": "https://api.github.com/repos/selfrefactor/rambda/teams",
  "temp_clone_token": "",
  "trees_url": "https://api.github.com/repos/selfrefactor/rambda/git/trees{/sha}",
  "updated_at": "2020-12-25T13:30:36Z",
  "url": "https://api.github.com/repos/selfrefactor/rambda",
  "watchers": 1014,
  "watchers_count": 1014,
}
`;
