// Jest Snapshot v1, https://goo.gl/fbAQLP

exports[`happy 1`] = `
Array [
  Object {
    "repoData": Object {
      "description": "An extremely fast JavaScript bundler and minifier",
      "forks_count": 356,
      "full_name": "evanw/esbuild",
      "open_issues_count": 86,
      "pushed_at": "2020-12-23T22:57:12Z",
      "stargazers_count": 16503,
      "subscribers_count": 208,
      "updated_at": "2020-12-26T17:37:55Z",
    },
    "repoUrl": "evanw/esbuild",
  },
  Object {
    "repoData": Object {
      "description": "JavaScript Regular expressions made easy",
      "forks_count": 521,
      "full_name": "VerbalExpressions/JSVerbalExpressions",
      "open_issues_count": 22,
      "pushed_at": "2020-12-18T22:05:17Z",
      "stargazers_count": 11764,
      "subscribers_count": 287,
      "updated_at": "2020-12-25T16:34:44Z",
    },
    "repoUrl": "VerbalExpressions/JSVerbalExpressions",
  },
  Object {
    "repoData": Object {
      "description": "Angular UI Component library for the Open Insurance Platform",
      "forks_count": 20,
      "full_name": "aposin/ng-aquila",
      "open_issues_count": 1,
      "pushed_at": "2020-12-21T19:51:04Z",
      "stargazers_count": 159,
      "subscribers_count": 16,
      "updated_at": "2020-12-23T19:11:02Z",
    },
    "repoUrl": "aposin/ng-aquila",
  },
  Object {
    "repoData": Object {
      "description": "Collection of wonderful TypeScript type gymnastics code snippets.",
      "forks_count": 4,
      "full_name": "g-plane/type-gymnastics",
      "open_issues_count": 0,
      "pushed_at": "2020-11-21T03:01:35Z",
      "stargazers_count": 77,
      "subscribers_count": 3,
      "updated_at": "2020-12-24T09:50:07Z",
    },
    "repoUrl": "g-plane/type-gymnastics",
  },
  Object {
    "repoData": Object {
      "description": "Refactor TypScript code programmatically using codemods",
      "forks_count": 0,
      "full_name": "WolkSoftware/tsmod",
      "open_issues_count": 1,
      "pushed_at": "2019-10-01T22:06:01Z",
      "stargazers_count": 68,
      "subscribers_count": 6,
      "updated_at": "2020-12-21T11:58:39Z",
    },
    "repoUrl": "WolkSoftware/tsmod",
  },
]
`;
