// Jest Snapshot v1, https://goo.gl/fbAQLP

exports[`happy 1`] = `
Object {
  "avarages": Object {
    "memoryUsage": 5.7,
    "processUsage": 11.22,
  },
  "diff": Object {
    "memory": 0,
    "memoryAverage": 0,
    "process": -9.9,
    "processAvarage": -9.9,
  },
  "initial": Object {
    "memoryUsage": 5.7,
    "processUsage": 21.12,
  },
}
`;
